=======================================================================================================
Connected to Dynamips VM "Router3" (ID 3, type c3745) - Console port
Press ENTER to get the prompt.
bject to restrictions as set forth in subparagraph
(c) of the Commercial Computer Software - Restricted
Rights clause at FAR sec. 52.227-19 and subparagraph
(c) (1) (ii) of the Rights in Technical Data and Computer
Software clause at DFARS sec. 252.227-7013.

           cisco Systems, Inc.
           170 West Tasman Drive
           San Jose, California 95134-1706



Cisco IOS Software, 3700 Software (C3745-ADVENTERPRISEK9-M), Version 12.4(25d), RELEASE SOFTWARE (fc1)
Technical Support: http://www.cisco.com/techsupport
Copyright (c) 1986-2010 by Cisco Systems, Inc.
Compiled Wed 18-Aug-10 08:18 by prod_rel_team


 BIST FAILED...
This product contains cryptographic features and is subject to United
States and local country laws governing import, export, transfer and
use. Delivery of Cisco cryptographic products does not imply
third-party authority to import, export, distribute or use encryption.
Importers, exporters, distributors and users are responsible for
compliance with U.S. and local country laws. By using this product you
agree to comply with applicable laws and regulations. If you are unable
to comply with U.S. and local laws, return this product immediately.

A summary of U.S. laws governing Cisco cryptographic products may be found at:
http://www.cisco.com/wwl/export/crypto/tool/stqrg.html

If you require further assistance please contact us by sending email to
export@cisco.com.

Cisco 3745 (R7000) processor (revision 2.0) with 249856K/12288K bytes of memory.
Processor board ID FTX0945W0MY
R7000 CPU at 350MHz, Implementation 39, Rev 2.1, 256KB L2, 512KB L3 Cache
4 FastEthernet interfaces
DRAM configuration is 64 bits wide with parity enabled.
151K bytes of NVRAM.
16384K bytes of ATA System CompactFlash (Read/Write)
16384K bytes of ATA Slot0 CompactFlash (Read/Write)

% There may not be enough space available to collect the complete crashinfo
% It would be advisable to have 280755 bytes free space on flash:crashinfo


Press RETURN to get started!

sslinit fn

*Mar  1 00:00:12.891: %LINEPROTO-5-UPDOWN: Line protocol on Interface VoIP-Null0, changed state to up
*Mar  1 00:00:12.891: %LINK-3-UPDOWN: Interface FastEthernet1/0, changed state to up
*Mar  1 00:00:12.891: %LINK-3-UPDOWN: Interface FastEthernet2/0, changed state to up
*Mar  1 00:00:12.891: %LINEPROTO-5-UPDOWN: Line protocol on Interface IPv6-mpls, changed state to up
*Mar  1 00:00:12.959: %SYS-5-CONFIG_I: Configured from memory by console
*Mar  1 00:00:12.959: %SYS-5-RESTART: System restarted --
Cisco IOS Software, 3700 Software (C3745-ADVENTERPRISEK9-M), Version 12.4(25d), RELEASE SOFTWARE (fc1)
Technical Support: http://www.cisco.com/techsupport
Copyright (c) 1986-2010 by Cisco Systems, Inc.
Compiled Wed 18-Aug-10 08:18 by prod_rel_team
*Mar  1 00:00:12.959: %SNMP-5-COLDSTART: SNMP agent on host Router3 is undergoing a cold start
*Mar  1 00:00:12.959: %PCMCIAFS-5-DIBERR: PCMCIA disk 0 is formatted from a different router or PC. A format in this router is required before an image can be booted from this device
*Mar  1 00:00:12.959: %PCMCIAFS-5-DIBERR: PCMCIA disk 1 is formatted from a different router or PC. A format in this router is required before an image can be booted from this device
*Mar  1 00:00:13.391: %LINK-3-UPDOWN: Interface FastEthernet0/0, changed state to up
*Mar  1 00:00:13.395: %LINK-3-UPDOWN: Interface FastEthernet0/1, changed state to up
*Mar  1 00:00:13.895: %LINEPROTO-5-UPDOWN: Line protocol on Interface FastEthernet1/0, changed state to down
*Mar  1 00:00:13.895: %LINEPROTO-5-UPDOWN: Line protocol on Interface FastEthernet2/0, changed state to down
*Mar  1 00:00:14.391: %LINEPROTO-5-UPDOWN: Line protocol on Interface FastEthernet0/0, changed state to up
*Mar  1 00:00:14.395: %LINEPROTO-5-UPDOWN: Line protocol on Interface FastEthernet0/1, changed state to up
*Mar  1 00:00:14.975: %LINK-5-CHANGED: Interface FastEthernet1/0, changed state to administratively down
*Mar  1 00:00:14.975: %LINK-5-CHANGED: Interface FastEthernet2/0, changed state to administratively down
Router3#show ip interface brief
Interface                  IP-Address      OK? Method Status                Protocol
FastEthernet0/0            10.0.2.1        YES NVRAM  up                    up  
FastEthernet0/1            192.168.2.1     YES NVRAM  up                    up  
FastEthernet1/0            unassigned      YES NVRAM  administratively down down
FastEthernet2/0            unassigned      YES NVRAM  administratively down down
Router3#config ter
Enter configuration commands, one per line.  End with CNTL/Z.
Router3(config)#interface tunnel0
Router3(config-if)#ip a
*Mar  1 00:23:01.875: %LINEPROTO-5-UPDOWN: Line protocol on Interface Tunnel0, changed state to down
Router3(config-if)#ip address 172.16.1.2 255.255.255.0
Router3(config-if)#tunnel mode ipip
Router3(config-if)#tunnel source 10.0.2.1
Router3(config-if)#tunnel destination 10.0.1.1
Router3(config-if)#
*Mar  1 00:24:12.535: %LINEPROTO-5-UPDOWN: Line protocol on Interface Tunnel0, changed state to up
Router3(config-if)#router rip
Router3(config-router)#network 172.16.1.0
Router3(config-router)#config ter
                       ^
% Invalid input detected at '^' marker.

Router3(config-router)#exit
Router3(config)#exit
Router3#
*Mar  1 00:38:35.387: %SYS-5-CONFIG_I: Configured from console by console
Router3#config ter
Enter configuration commands, one per line.  End with CNTL/Z.
Router3(config)#ipv6 unicast-routing
Router3(config)#interface f0/0
Router3(config-if)#ipv6 address FC00:1::2/64
Router3(config-if)#exit
Router3(config)#show ipv6 interface brief
                  ^
% Invalid input detected at '^' marker.

Router3(config)#exit
Router3#show ip interface brief
*Mar  1 00:41:33.859: %SYS-5-CONFIG_I: Configured from console by console
Router3#show ipv6 interface brief
FastEthernet0/0            [up/up]
    FE80::C603:2BFF:FE81:0
    FC00:1::2
FastEthernet0/1            [up/up]
FastEthernet1/0            [administratively down/down]
FastEthernet2/0            [administratively down/down]
Tunnel0                    [up/up]
Router3#config ter
Enter configuration commands, one per line.  End with CNTL/Z.
Router3(config)#interface f0/0
Router3(config-if)#ipv6 address FC00:2::1/64
Router3(config-if)#exit
Router3(config)#exit
Router3#show ipv6 interface brief
*Mar  1 00:43:54.199: %SYS-5-CONFIG_I: Configured from console by console
Router3#show ipv6 interface brief
FastEthernet0/0            [up/up]
    FE80::C603:2BFF:FE81:0
    FC00:1::2
    FC00:2::1
FastEthernet0/1            [up/up]
FastEthernet1/0            [administratively down/down]
FastEthernet2/0            [administratively down/down]
Tunnel0                    [up/up]
Router3#config ter
Enter configuration commands, one per line.  End with CNTL/Z.
Router3(config)#ipv6 address del FC00:1::2/64
                      ^
% Invalid input detected at '^' marker.

Router3(config)#interface f0/0
Router3(config-if)#ipv6 address del FC00:1::2/64
Router3(config-if)#exit
Router3(config)#exit
Router3#show ipv6 interface brief
*Mar  1 00:44:39.615: %SYS-5-CONFIG_I: Configured from console by console
Router3#show ipv6 interface brief
FastEthernet0/0            [up/up]
    FE80::C603:2BFF:FE81:0
    FC00:1::2
    FC00:2::1
FastEthernet0/1            [up/up]
FastEthernet1/0            [administratively down/down]
FastEthernet2/0            [administratively down/down]
Tunnel0                    [up/up]
Router3#config ter
Enter configuration commands, one per line.  End with CNTL/Z.
Router3(config)#interface f0/0
Router3(config-if)#no ipv6 address FC00:1::2/64
Router3(config-if)#exit
Router3(config)#exit
Router3#show ipv6 interface brief
*Mar  1 00:46:12.131: %SYS-5-CONFIG_I: Configured from console by console
Router3#show ipv6 interface brief
FastEthernet0/0            [up/up]
    FE80::C603:2BFF:FE81:0
    FC00:2::1
FastEthernet0/1            [up/up]
FastEthernet1/0            [administratively down/down]
FastEthernet2/0            [administratively down/down]
Tunnel0                    [up/up]
Router3#show ip interface brief
Interface                  IP-Address      OK? Method Status                Protocol
FastEthernet0/0            10.0.2.1        YES NVRAM  up                    up  
FastEthernet0/1            192.168.2.1     YES NVRAM  up                    up  
FastEthernet1/0            unassigned      YES NVRAM  administratively down down
FastEthernet2/0            unassigned      YES NVRAM  administratively down down
Tunnel0                    172.16.1.2      YES manual up                    up  
Router3#show ip route
Codes: C - connected, S - static, R - RIP, M - mobile, B - BGP
       D - EIGRP, EX - EIGRP external, O - OSPF, IA - OSPF inter area
       N1 - OSPF NSSA external type 1, N2 - OSPF NSSA external type 2
       E1 - OSPF external type 1, E2 - OSPF external type 2
       i - IS-IS, su - IS-IS summary, L1 - IS-IS level-1, L2 - IS-IS level-2
       ia - IS-IS inter area, * - candidate default, U - per-user static route
       o - ODR, P - periodic downloaded static route

Gateway of last resort is not set

     172.16.0.0/24 is subnetted, 1 subnets
C       172.16.1.0 is directly connected, Tunnel0
     10.0.0.0/8 is variably subnetted, 3 subnets, 2 masks
C       10.0.2.0/24 is directly connected, FastEthernet0/0
R       10.0.0.0/8 [120/1] via 172.16.1.1, 00:00:03, Tunnel0
R       10.0.1.0/24 [120/1] via 10.0.2.2, 00:00:56, FastEthernet0/0
R    192.168.1.0/24 [120/1] via 172.16.1.1, 00:00:03, Tunnel0
C    192.168.2.0/24 is directly connected, FastEthernet0/1
Router3#show ipv6 route
IPv6 Routing Table - 4 entries
Codes: C - Connected, L - Local, S - Static, R - RIP, B - BGP
       U - Per-user Static route
       I1 - ISIS L1, I2 - ISIS L2, IA - ISIS interarea, IS - ISIS summary
       O - OSPF intra, OI - OSPF inter, OE1 - OSPF ext 1, OE2 - OSPF ext 2
       ON1 - OSPF NSSA ext 1, ON2 - OSPF NSSA ext 2
C   FC00:2::/64 [0/0]
     via ::, FastEthernet0/0
L   FC00:2::1/128 [0/0]
     via ::, FastEthernet0/0
L   FE80::/10 [0/0]
     via ::, Null0
L   FF00::/8 [0/0]
     via ::, Null0
Router3#conf ter
Enter configuration commands, one per line.  End with CNTL/Z.
Router3(config)#int tunnel0
Router3(config-if)#tunnel mode ipv6ip
Router3(config-if)#ipv6 address FC00:ABBA::2/64
Router3(config-if)#exit
Router3(config)#ipv6 router rip LAB
Router3(config-rtr)#exit
Router3(config)#in f0/1
Router3(config-if)#ipv6 rip LAB enable
Router3(config-if)#exit
Router3(config)#in tunnel0
Router3(config-if)#ipv6 rip LAB enable
Router3(config-if)#exit
Router3(config)#exit
Router3#
*Mar  1 01:05:18.715: %SYS-5-CONFIG_I: Configured from console by console
Router3#show ipv6 route
IPv6 Routing Table - 7 entries
Codes: C - Connected, L - Local, S - Static, R - RIP, B - BGP
       U - Per-user Static route
       I1 - ISIS L1, I2 - ISIS L2, IA - ISIS interarea, IS - ISIS summary
       O - OSPF intra, OI - OSPF inter, OE1 - OSPF ext 1, OE2 - OSPF ext 2
       ON1 - OSPF NSSA ext 1, ON2 - OSPF NSSA ext 2
R   FC00:1::/64 [120/2]
     via FE80::A00:101, Tunnel0
C   FC00:2::/64 [0/0]
     via ::, FastEthernet0/0
L   FC00:2::1/128 [0/0]
     via ::, FastEthernet0/0
C   FC00:ABBA::/64 [0/0]
     via ::, Tunnel0
L   FC00:ABBA::2/128 [0/0]
     via ::, Tunnel0
L   FE80::/10 [0/0]
     via ::, Null0
L   FF00::/8 [0/0]
     via ::, Null0
Router3#show ip route
Codes: C - connected, S - static, R - RIP, M - mobile, B - BGP
       D - EIGRP, EX - EIGRP external, O - OSPF, IA - OSPF inter area
       N1 - OSPF NSSA external type 1, N2 - OSPF NSSA external type 2
       E1 - OSPF external type 1, E2 - OSPF external type 2
       i - IS-IS, su - IS-IS summary, L1 - IS-IS level-1, L2 - IS-IS level-2
       ia - IS-IS inter area, * - candidate default, U - per-user static route
       o - ODR, P - periodic downloaded static route

Gateway of last resort is not set

     172.16.0.0/24 is subnetted, 1 subnets
C       172.16.1.0 is directly connected, Tunnel0
     10.0.0.0/24 is subnetted, 2 subnets
C       10.0.2.0 is directly connected, FastEthernet0/0
R       10.0.1.0 [120/1] via 10.0.2.2, 00:00:33, FastEthernet0/0
R    192.168.1.0/24 [120/2] via 10.0.2.2, 00:00:34, FastEthernet0/0
C    192.168.2.0/24 is directly connected, FastEthernet0/1
Router3#
Router3#ping FC00:ABBA::2

Type escape sequence to abort.
Sending 5, 100-byte ICMP Echos to FC00:ABBA::2, timeout is 2 seconds:
!!!!!
Success rate is 100 percent (5/5), round-trip min/avg/max = 0/2/4 ms
Router3#ping FC00:ABBA::1

Type escape sequence to abort.
Sending 5, 100-byte ICMP Echos to FC00:ABBA::1, timeout is 2 seconds:
!!!!!
Success rate is 100 percent (5/5), round-trip min/avg/max = 28/41/60 ms
Router3#ping FC00:1::2

Type escape sequence to abort.
Sending 5, 100-byte ICMP Echos to FC00:1::2, timeout is 2 seconds:
!!!!!
Success rate is 100 percent (5/5), round-trip min/avg/max = 44/52/60 ms
Router3#ping FCOO:2::2
% Unrecognized host or address, or protocol not running.

Router3#show ipv6 route
IPv6 Routing Table - 7 entries
Codes: C - Connected, L - Local, S - Static, R - RIP, B - BGP
       U - Per-user Static route
       I1 - ISIS L1, I2 - ISIS L2, IA - ISIS interarea, IS - ISIS summary
       O - OSPF intra, OI - OSPF inter, OE1 - OSPF ext 1, OE2 - OSPF ext 2
       ON1 - OSPF NSSA ext 1, ON2 - OSPF NSSA ext 2
R   FC00:1::/64 [120/2]
     via FE80::A00:101, Tunnel0
C   FC00:2::/64 [0/0]
     via ::, FastEthernet0/0
L   FC00:2::1/128 [0/0]
     via ::, FastEthernet0/0
C   FC00:ABBA::/64 [0/0]
     via ::, Tunnel0
L   FC00:ABBA::2/128 [0/0]
     via ::, Tunnel0
L   FE80::/10 [0/0]
     via ::, Null0
L   FF00::/8 [0/0]
     via ::, Null0
Router3#ping FCOO:1::2
% Unrecognized host or address, or protocol not running.

Router3#ping FC00:1::2

Type escape sequence to abort.
Sending 5, 100-byte ICMP Echos to FC00:1::2, timeout is 2 seconds:
!!!!!
Success rate is 100 percent (5/5), round-trip min/avg/max = 40/49/56 ms
Router3#ping FC00:2::2

Type escape sequence to abort.
Sending 5, 100-byte ICMP Echos to FC00:2::2, timeout is 2 seconds:
.....
Success rate is 0 percent (0/5)
Router3#ping FC00:2::1

Type escape sequence to abort.
Sending 5, 100-byte ICMP Echos to FC00:2::1, timeout is 2 seconds:
!!!!!
Success rate is 100 percent (5/5), round-trip min/avg/max = 0/3/4 ms
Router3#ping FC00:2::2

Type escape sequence to abort.
Sending 5, 100-byte ICMP Echos to FC00:2::2, timeout is 2 seconds:
.....
Success rate is 0 percent (0/5)
Router3#show ip interface brief
Interface                  IP-Address      OK? Method Status                Protocol
FastEthernet0/0            10.0.2.1        YES NVRAM  up                    up  
FastEthernet0/1            192.168.2.1     YES NVRAM  up                    up  
FastEthernet1/0            unassigned      YES NVRAM  administratively down down
FastEthernet2/0            unassigned      YES NVRAM  administratively down down
Tunnel0                    172.16.1.2      YES manual up                    up  
Router3#show ipv6 interface brief
FastEthernet0/0            [up/up]
    FE80::C603:2BFF:FE81:0
    FC00:2::1
FastEthernet0/1            [up/up]
    unassigned
FastEthernet1/0            [administratively down/down]
FastEthernet2/0            [administratively down/down]
Tunnel0                    [up/up]
    FE80::A00:201
    FC00:ABBA::2
Router3#conf ter
Enter configuration commands, one per line.  End with CNTL/Z.
Router3(config)#in f0/0
Router3(config-if)#ipv6 rip LAB enable
Router3(config-if)#exit
Router3(config)#in tunnel0
Router3(config-if)#ipv6 rip LAB enable
Router3(config-if)#exit
Router3(config)#exit
Router3#
*Mar  1 01:34:04.279: %SYS-5-CONFIG_I: Configured from console by console
Router3#show ipv6 route
IPv6 Routing Table - 7 entries
Codes: C - Connected, L - Local, S - Static, R - RIP, B - BGP
       U - Per-user Static route
       I1 - ISIS L1, I2 - ISIS L2, IA - ISIS interarea, IS - ISIS summary
       O - OSPF intra, OI - OSPF inter, OE1 - OSPF ext 1, OE2 - OSPF ext 2
       ON1 - OSPF NSSA ext 1, ON2 - OSPF NSSA ext 2
R   FC00:1::/64 [120/2]
     via FE80::A00:101, Tunnel0
C   FC00:2::/64 [0/0]
     via ::, FastEthernet0/0
L   FC00:2::1/128 [0/0]
     via ::, FastEthernet0/0
C   FC00:ABBA::/64 [0/0]
     via ::, Tunnel0
L   FC00:ABBA::2/128 [0/0]
     via ::, Tunnel0
L   FE80::/10 [0/0]
     via ::, Null0
L   FF00::/8 [0/0]
     via ::, Null0
Router3#ping FC00:2::2

Type escape sequence to abort.
Sending 5, 100-byte ICMP Echos to FC00:2::2, timeout is 2 seconds:
.....
Success rate is 0 percent (0/5)
Router3#ping FC00:1::2

Type escape sequence to abort.
Sending 5, 100-byte ICMP Echos to FC00:1::2, timeout is 2 seconds:
!!!!!
Success rate is 100 percent (5/5), round-trip min/avg/max = 52/53/56 ms
Router3#show ipv6 interface brief
FastEthernet0/0            [up/up]
    FE80::C603:2BFF:FE81:0
    FC00:2::1
FastEthernet0/1            [up/up]
    unassigned
FastEthernet1/0            [administratively down/down]
FastEthernet2/0            [administratively down/down]
Tunnel0                    [up/up]
    FE80::A00:201
    FC00:ABBA::2
Router3#conf ter
Enter configuration commands, one per line.  End with CNTL/Z.
Router3(config)#no int f0/1
% Removal of physical interfaces is not permitted
Router3(config)#int f0/1
Router3(config-if)#show
                     ^
% Invalid input detected at '^' marker.

Router3(config-if)#show
Router3(config-if)#show
Router3(config-if)#show
                     ^
% Invalid input detected at '^' marker.

Router3(config-if)#
Router3(config-if)#
Router3(config-if)#SHOW
                     ^
% Invalid input detected at '^' marker.

Router3(config-if)#
Router3(config-if)#no *
                      ^
% Invalid input detected at '^' marker.

Router3(config-if)#no
Router3(config-if)#no
Router3(config-if)#no address *
                       ^
% Invalid input detected at '^' marker.

Router3(config-if)#no ipv6 address *
% Incomplete command.

Router3(config-if)#no ipv6 address */64
% Incomplete command.

Router3(config-if)#show ipv6 interface brief
                     ^
% Invalid input detected at '^' marker.

Router3(config-if)#exit
Router3(config)#exit
Router3#show ipv6 interface brief
*Mar  1 01:51:30.267: %SYS-5-CONFIG_I: Configured from console by console
Router3#show ipv6 interface brief
FastEthernet0/0            [up/up]
    FE80::C603:2BFF:FE81:0
    FC00:2::1
FastEthernet0/1            [up/up]
    unassigned
FastEthernet1/0            [administratively down/down]
FastEthernet2/0            [administratively down/down]
Tunnel0                    [up/up]
    FE80::A00:201
    FC00:ABBA::2
Router3#config ter
Enter configuration commands, one per line.  End with CNTL/Z.
Router3(config)#int tuneel0
                       ^
% Invalid input detected at '^' marker.

Router3(config)#int tunnel0
Router3(config-if)#ipv6 rip LAB enable
Router3(config-if)#ping fc00:2::1
                   ^
% Invalid input detected at '^' marker.

Router3(config-if)#exit
Router3(config)#exit
Router3#show ipv6 interface brief
*Mar  1 02:01:52.455: %SYS-5-CONFIG_I: Configured from console by console
Router3#ping FC00:1::2

Type escape sequence to abort.
Sending 5, 100-byte ICMP Echos to FC00:1::2, timeout is 2 seconds:
!!!!!
Success rate is 100 percent (5/5), round-trip min/avg/max = 40/45/56 ms
Router3#ping FC00:2::1

Type escape sequence to abort.
Sending 5, 100-byte ICMP Echos to FC00:2::1, timeout is 2 seconds:
!!!!!
Success rate is 100 percent (5/5), round-trip min/avg/max = 0/2/4 ms
Router3#ping FC00:2::2

Type escape sequence to abort.
Sending 5, 100-byte ICMP Echos to FC00:2::2, timeout is 2 seconds:
.....
Success rate is 0 percent (0/5)
Router3#ipv6 interfaces brief
         ^
% Invalid input detected at '^' marker.

Router3#show ipv6 interfaces brief
                           ^
% Invalid input detected at '^' marker.

Router3#show ipv6 interface brief
FastEthernet0/0            [up/up]
    FE80::C603:2BFF:FE81:0
    FC00:2::1
FastEthernet0/1            [up/up]
    unassigned
FastEthernet1/0            [administratively down/down]
FastEthernet2/0            [administratively down/down]
Tunnel0                    [up/up]
    FE80::A00:201
    FC00:ABBA::2
Router3#conf ter
Enter configuration commands, one per line.  End with CNTL/Z.
Router3(config)#no shut
% Incomplete command.

Router3(config)#ip route show
                          ^
% Invalid input detected at '^' marker.

Router3(config)#show ip route
                  ^
% Invalid input detected at '^' marker.

Router3(config)#exit
Router3#show
*Mar  1 02:13:34.939: %SYS-5-CONFIG_I: Configured from console by console
Router3#show ip route
Codes: C - connected, S - static, R - RIP, M - mobile, B - BGP
       D - EIGRP, EX - EIGRP external, O - OSPF, IA - OSPF inter area
       N1 - OSPF NSSA external type 1, N2 - OSPF NSSA external type 2
       E1 - OSPF external type 1, E2 - OSPF external type 2
       i - IS-IS, su - IS-IS summary, L1 - IS-IS level-1, L2 - IS-IS level-2
       ia - IS-IS inter area, * - candidate default, U - per-user static route
       o - ODR, P - periodic downloaded static route

Gateway of last resort is not set

     172.16.0.0/24 is subnetted, 1 subnets
C       172.16.1.0 is directly connected, Tunnel0
     10.0.0.0/24 is subnetted, 2 subnets
C       10.0.2.0 is directly connected, FastEthernet0/0
R       10.0.1.0 [120/1] via 10.0.2.2, 00:00:35, FastEthernet0/0
R    192.168.1.0/24 [120/2] via 10.0.2.2, 00:00:35, FastEthernet0/0
C    192.168.2.0/24 is directly connected, FastEthernet0/1
Router3#show ip interface brief
Interface                  IP-Address      OK? Method Status                Protocol
FastEthernet0/0            10.0.2.1        YES NVRAM  up                    up  
FastEthernet0/1            192.168.2.1     YES NVRAM  up                    up  
FastEthernet1/0            unassigned      YES NVRAM  administratively down down
FastEthernet2/0            unassigned      YES NVRAM  administratively down down
Tunnel0                    172.16.1.2      YES manual up                    up  
Router3#conf ter
Enter configuration commands, one per line.  End with CNTL/Z.
Router3(config)#int f0/0
Router3(config-if)#no ipv6 *
                           ^
% Invalid input detected at '^' marker.

Router3(config-if)#no ipv6 address *
% Incomplete command.

Router3(config-if)#no ipv6 address */64
% Incomplete command.

Router3(config-if)#no ip -6 address */64
                         ^
% Invalid input detected at '^' marker.

Router3(config-if)#no ip -6 address
                         ^
% Invalid input detected at '^' marker.

Router3(config-if)#no ip6 address
                        ^
% Invalid input detected at '^' marker.

Router3(config-if)#clear ipv6
                     ^
% Invalid input detected at '^' marker.

Router3(config-if)#no ipv6 a
Router3(config-if)#no ipv6 address
Router3(config-if)#no ipv6 address fc
Router3(config-if)#no ipv6 address fc00
Router3(config-if)#no ipv6 address fc00:
Router3(config-if)#no ipv6 address fc00:2::
Router3(config-if)#no ipv6 address fc00:2::1/64
Router3(config-if)#interf f0/1
Router3(config-if)#ipv6 address fc00:2::1/64
Router3(config-if)#exit
Router3(config)#exit
Router3#show
*Mar  1 02:19:28.699: %SYS-5-CONFIG_I: Configured from console by console
Router3#show ipv6 route
IPv6 Routing Table - 7 entries
Codes: C - Connected, L - Local, S - Static, R - RIP, B - BGP
       U - Per-user Static route
       I1 - ISIS L1, I2 - ISIS L2, IA - ISIS interarea, IS - ISIS summary
       O - OSPF intra, OI - OSPF inter, OE1 - OSPF ext 1, OE2 - OSPF ext 2
       ON1 - OSPF NSSA ext 1, ON2 - OSPF NSSA ext 2
R   FC00:1::/64 [120/2]
     via FE80::A00:101, Tunnel0
C   FC00:2::/64 [0/0]
     via ::, FastEthernet0/1
L   FC00:2::1/128 [0/0]
     via ::, FastEthernet0/1
C   FC00:ABBA::/64 [0/0]
     via ::, Tunnel0
L   FC00:ABBA::2/128 [0/0]
     via ::, Tunnel0
L   FE80::/10 [0/0]
     via ::, Null0
L   FF00::/8 [0/0]
     via ::, Null0
Router3#show ipv6 interface brief
FastEthernet0/0            [up/up]
    unassigned
FastEthernet0/1            [up/up]
    FE80::C603:2BFF:FE81:1
    FC00:2::1
FastEthernet1/0            [administratively down/down]
FastEthernet2/0            [administratively down/down]
Tunnel0                    [up/up]
    FE80::A00:201
    FC00:ABBA::2
Router3#ping fc00:2::1

Type escape sequence to abort.
Sending 5, 100-byte ICMP Echos to FC00:2::1, timeout is 2 seconds:
!!!!!
Success rate is 100 percent (5/5), round-trip min/avg/max = 0/1/4 ms
Router3#ping fc00:2::2

Type escape sequence to abort.
Sending 5, 100-byte ICMP Echos to FC00:2::2, timeout is 2 seconds:
!!!!!
Success rate is 100 percent (5/5), round-trip min/avg/max = 12/18/32 ms
Router3#ping fc00:1::2

Type escape sequence to abort.
Sending 5, 100-byte ICMP Echos to FC00:1::2, timeout is 2 seconds:
!!!!!
Success rate is 100 percent (5/5), round-trip min/avg/max = 40/50/60 ms
Router3#
==============================================================================

Connected to Dynamips VM "Router1" (ID 1, type c3745) - Console port
Press ENTER to get the prompt.
bject to restrictions as set forth in subparagraph
(c) of the Commercial Computer Software - Restricted
Rights clause at FAR sec. 52.227-19 and subparagraph
(c) (1) (ii) of the Rights in Technical Data and Computer
Software clause at DFARS sec. 252.227-7013.

           cisco Systems, Inc.
           170 West Tasman Drive
           San Jose, California 95134-1706



Cisco IOS Software, 3700 Software (C3745-ADVENTERPRISEK9-M), Version 12.4(25d), RELEASE SOFTWARE (fc1)
Technical Support: http://www.cisco.com/techsupport
Copyright (c) 1986-2010 by Cisco Systems, Inc.
Compiled Wed 18-Aug-10 08:18 by prod_rel_team


 BIST FAILED...
This product contains cryptographic features and is subject to United
States and local country laws governing import, export, transfer and
use. Delivery of Cisco cryptographic products does not imply
third-party authority to import, export, distribute or use encryption.
Importers, exporters, distributors and users are responsible for
compliance with U.S. and local country laws. By using this product you
agree to comply with applicable laws and regulations. If you are unable
to comply with U.S. and local laws, return this product immediately.

A summary of U.S. laws governing Cisco cryptographic products may be found at:
http://www.cisco.com/wwl/export/crypto/tool/stqrg.html

If you require further assistance please contact us by sending email to
export@cisco.com.

Cisco 3745 (R7000) processor (revision 2.0) with 249856K/12288K bytes of memory.
Processor board ID FTX0945W0MY
R7000 CPU at 350MHz, Implementation 39, Rev 2.1, 256KB L2, 512KB L3 Cache
4 FastEthernet interfaces
DRAM configuration is 64 bits wide with parity enabled.
151K bytes of NVRAM.
16384K bytes of ATA System CompactFlash (Read/Write)
16384K bytes of ATA Slot0 CompactFlash (Read/Write)

% There may not be enough space available to collect the complete crashinfo
% It would be advisable to have 280755 bytes free space on flash:crashinfo


Press RETURN to get started!

sslinit fn

*Mar  1 00:00:08.703: %LINEPROTO-5-UPDOWN: Line protocol on Interface VoIP-Null0, changed state to up
*Mar  1 00:00:08.707: %LINEPROTO-5-UPDOWN: Line protocol on Interface IPv6-mpls, changed state to up
*Mar  1 00:00:08.707: %LINK-3-UPDOWN: Interface FastEthernet1/0, changed state to up
*Mar  1 00:00:08.711: %LINK-3-UPDOWN: Interface FastEthernet2/0, changed state to up
*Mar  1 00:00:09.355: %SYS-5-CONFIG_I: Configured from memory by console
*Mar  1 00:00:09.355: %SYS-5-RESTART: System restarted --
Cisco IOS Software, 3700 Software (C3745-ADVENTERPRISEK9-M), Version 12.4(25d), RELEASE SOFTWARE (fc1)
Technical Support: http://www.cisco.com/techsupport
Copyright (c) 1986-2010 by Cisco Systems, Inc.
Compiled Wed 18-Aug-10 08:18 by prod_rel_team
*Mar  1 00:00:09.355: %SNMP-5-COLDSTART: SNMP agent on host Router1 is undergoing a cold start
*Mar  1 00:00:09.355: %PCMCIAFS-5-DIBERR: PCMCIA disk 0 is formatted from a different router or PC. A format in this router is required before an image can be booted from this device
*Mar  1 00:00:09.355: %PCMCIAFS-5-DIBERR: PCMCIA disk 1 is formatted from a different router or PC. A format in this router is required before an image can be booted from this device
*Mar  1 00:00:09.787: %LINK-3-UPDOWN: Interface FastEthernet0/1, changed state to up
*Mar  1 00:00:09.791: %LINEPROTO-5-UPDOWN: Line protocol on Interface FastEthernet1/0, changed state to down
*Mar  1 00:00:09.791: %LINEPROTO-5-UPDOWN: Line protocol on Interface FastEthernet2/0, changed state to down
*Mar  1 00:00:09.795: %LINK-3-UPDOWN: Interface FastEthernet0/0, changed state to up
*Mar  1 00:00:10.787: %LINEPROTO-5-UPDOWN: Line protocol on Interface FastEthernet0/1, changed state to up
*Mar  1 00:00:10.795: %LINEPROTO-5-UPDOWN: Line protocol on Interface FastEthernet0/0, changed state to up
*Mar  1 00:00:11.371: %LINK-5-CHANGED: Interface FastEthernet1/0, changed state to administratively down
*Mar  1 00:00:11.371: %LINK-5-CHANGED: Interface FastEthernet2/0, changed state to administratively down
Router1#show ip interface brief
Interface                  IP-Address      OK? Method Status                Protocol
FastEthernet0/0            10.0.1.1        YES NVRAM  up                    up  
FastEthernet0/1            192.168.1.1     YES NVRAM  up                    up  
FastEthernet1/0            unassigned      YES NVRAM  administratively down down
FastEthernet2/0            unassigned      YES NVRAM  administratively down down
Router1#netstat -nr
         ^
% Invalid input detected at '^' marker.

Router1#show ip route
Codes: C - connected, S - static, R - RIP, M - mobile, B - BGP
       D - EIGRP, EX - EIGRP external, O - OSPF, IA - OSPF inter area
       N1 - OSPF NSSA external type 1, N2 - OSPF NSSA external type 2
       E1 - OSPF external type 1, E2 - OSPF external type 2
       i - IS-IS, su - IS-IS summary, L1 - IS-IS level-1, L2 - IS-IS level-2
       ia - IS-IS inter area, * - candidate default, U - per-user static route
       o - ODR, P - periodic downloaded static route

Gateway of last resort is not set

     10.0.0.0/24 is subnetted, 2 subnets
R       10.0.2.0 [120/1] via 10.0.1.2, 00:00:46, FastEthernet0/0
C       10.0.1.0 is directly connected, FastEthernet0/0
C    192.168.1.0/24 is directly connected, FastEthernet0/1
R    192.168.2.0/24 [120/2] via 10.0.1.2, 00:00:46, FastEthernet0/0
Router1#show running-config
Building configuration...

Current configuration : 1129 bytes
!
version 12.4
service timestamps debug datetime msec
service timestamps log datetime msec
no service password-encryption
!
hostname Router1
!
boot-start-marker
boot-end-marker
!
!
no aaa new-model
memory-size iomem 5
no ip icmp rate-limit unreachable
ip cef
!
!
!
!
no ip domain lookup
ip auth-proxy max-nodata-conns 3
ip admission max-nodata-conns 3
!
!
!
!
!
!
!
!
!
!
!
!
!
!
!
!
!
!
!
ip tcp synwait-time 5
!
!
!
!
!
interface FastEthernet0/0
 ip address 10.0.1.1 255.255.255.0
 duplex auto
 speed auto
!
interface FastEthernet0/1
 ip address 192.168.1.1 255.255.255.0
 duplex auto
 speed auto
!
interface FastEthernet1/0
 no ip address
 shutdown
 duplex auto
 speed auto
!
interface FastEthernet2/0
 no ip address
 shutdown
 duplex auto
 speed auto
!
router rip
 version 2
 network 10.0.0.0
 network 192.168.1.0
!
ip forward-protocol nd
!
!
no ip http server
no ip http secure-server
!
no cdp log mismatch duplex
!
!
!
control-plane
!
!
!
!
!
!
!
!
!
!
line con 0
 exec-timeout 0 0
 privilege level 15
 logging synchronous
line aux 0
 exec-timeout 0 0
 privilege level 15
 logging synchronous
line vty 0 4
 login
!
!
end

Router1#
Router1#
Router1#
Router1#
Router1#
Router1#
Router1#
Router1#
Router1#
Router1#
Router1#
Router1#
Router1#
Router1#
Router1#
Router1#
Router1#
Router1#
Router1#
Router1#
Router1#
Router1#
Router1#
Router1#
Router1#
Router1#
Router1#
Router1#
Router1#
Router1#
Router1#
Router1#
Router1#
Router1#
Router1#
Router1#
Router1#
Router1#
Router1#
Router1#
Router1#
Router1#
Router1#
Router1#
Router1#
Router1#
Router1#
Router1#
Router1#
Router1#
Router1#
Router1#
Router1#
Router1#
Router1#
Router1#
Router1#
Router1#
Router1#
Router1#
Router1#
Router1#
Router1#
Router1#
Router1#
Router1#
Router1#
Router1#
Router1#
Router1#
Router1#
Router1#
Router1#
Router1#
Router1#
Router1#
Router1#
Router1#
Router1#
Router1#
Router1#
Router1#
Router1#
Router1#
Router1#
Router1#
Router1#
Router1#
Router1#
Router1#
Router1#
Router1#
Router1#
Router1#
Router1#
Router1#
Router1#
Router1#
Router1#
Router1#
Router1#
Router1#
Router1#
Router1#
Router1#
Router1#
Router1#
Router1#
Router1#
Router1#
Router1#
Router1#
Router1#
Router1#
Router1#
Router1#
Router1#
Router1#
Router1#
Router1#
Router1#
Router1#
Router1#
Router1#
Router1#
Router1#
Router1#
Router1#
Router1#
Router1#
Router1#
Router1#
Router1#
Router1#
Router1#
Router1#
Router1#
Router1#
Router1#
Router1#
Router1#
Router1#
Router1#
Router1#
Router1#
Router1#
Router1#
Router1#
Router1#
Router1#interface tunnel0
         ^
% Invalid input detected at '^' marker.

Router1#ip address 172.16.1.1 255.255.255.0
         ^
% Invalid input detected at '^' marker.

Router1#config ter
Enter configuration commands, one per line.  End with CNTL/Z.
Router1(config)#interface tunnel0
Router1(config-if)#i
*Mar  1 00:22:17.939: %LINEPROTO-5-UPDOWN: Line protocol on Interface Tunnel0, changed state to down
Router1(config-if)#ip address 172.16.1.2 255.255.255.0
Router1(config-if)#tunnel mode ipip
Router1(config-if)#tunnel source 10.0.1.1
Router1(config-if)#ip address 172.16.1.1 255.255.255.0
Router1(config-if)#tunnel mode ipip
Router1(config-if)#tunnel source 10.0.1.1
Router1(config-if)#tunnel destination 10.0.2.1
Router1(config-if)#
*Mar  1 00:24:11.327: %LINEPROTO-5-UPDOWN: Line protocol on Interface Tunnel0, changed state to up
Router1(config-if)#write
                   ^
% Invalid input detected at '^' marker.

Router1(config-if)#no shut
Router1(config-if)#exit
Router1(config)#router rip
Router1(config-router)#network 172.16.1.0
Router1(config-router)#show ip route
                       ^
% Invalid input detected at '^' marker.

Router1(config-router)#exit
Router1(config)#show ip route
                  ^
% Invalid input detected at '^' marker.

Router1(config)#exit
Router1#
*Mar  1 00:28:25.999: %SYS-5-CONFIG_I: Configured from console by console
Router1#show ip route
Codes: C - connected, S - static, R - RIP, M - mobile, B - BGP
       D - EIGRP, EX - EIGRP external, O - OSPF, IA - OSPF inter area
       N1 - OSPF NSSA external type 1, N2 - OSPF NSSA external type 2
       E1 - OSPF external type 1, E2 - OSPF external type 2
       i - IS-IS, su - IS-IS summary, L1 - IS-IS level-1, L2 - IS-IS level-2
       ia - IS-IS inter area, * - candidate default, U - per-user static route
       o - ODR, P - periodic downloaded static route

Gateway of last resort is not set

     172.16.0.0/16 is variably subnetted, 2 subnets, 2 masks
R       172.16.0.0/16 [120/3] via 172.16.1.2, 00:00:18, Tunnel0
C       172.16.1.0/24 is directly connected, Tunnel0
     10.0.0.0/8 is variably subnetted, 3 subnets, 2 masks
R       10.0.2.0/24 [120/1] via 10.0.1.2, 00:00:01, FastEthernet0/0
R       10.0.0.0/8 [120/1] via 172.16.1.2, 00:00:19, Tunnel0
C       10.0.1.0/24 is directly connected, FastEthernet0/0
C    192.168.1.0/24 is directly connected, FastEthernet0/1
R    192.168.2.0/24 [120/1] via 172.16.1.2, 00:00:21, Tunnel0
Router1#show ip rip database
10.0.0.0/8    auto-summary
10.0.0.0/8
    [1] via 172.16.1.2, 00:00:11, Tunnel0
10.0.1.0/24    directly connected, FastEthernet0/0
10.0.2.0/24
    [1] via 10.0.1.2, 00:00:26, FastEthernet0/0
172.16.0.0/16    auto-summary
172.16.1.0/24    directly connected, Tunnel0
192.168.1.0/24    auto-summary
192.168.1.0/24    directly connected, FastEthernet0/1
192.168.2.0/24    auto-summary
192.168.2.0/24
    [1] via 172.16.1.2, 00:00:11, Tunnel0
Router1#conf ter
Enter configuration commands, one per line.  End with CNTL/Z.
Router1(config)#ipv6 unicast-routing
Router1(config)#inter
Router1(config)#interface f0/1
Router1(config-if)#ipv6 address FC00:1::1/64
Router1(config-if)#exit
Router1(config)#exit
Router1#show ip rip database
*Mar  1 00:43:40.819: %SYS-5-CONFIG_I: Configured from console by console
Router1#show ipv6 interface brief
FastEthernet0/0            [up/up]
FastEthernet0/1            [up/up]
    FE80::C601:2BFF:FE63:1
    FC00:1::1
FastEthernet1/0            [administratively down/down]
FastEthernet2/0            [administratively down/down]
Tunnel0                    [up/up]
Router1#show ipv6 route
IPv6 Routing Table - 4 entries
Codes: C - Connected, L - Local, S - Static, R - RIP, B - BGP
       U - Per-user Static route
       I1 - ISIS L1, I2 - ISIS L2, IA - ISIS interarea, IS - ISIS summary
       O - OSPF intra, OI - OSPF inter, OE1 - OSPF ext 1, OE2 - OSPF ext 2
       ON1 - OSPF NSSA ext 1, ON2 - OSPF NSSA ext 2
C   FC00:1::/64 [0/0]
     via ::, FastEthernet0/1
L   FC00:1::1/128 [0/0]
     via ::, FastEthernet0/1
L   FE80::/10 [0/0]
     via ::, Null0
L   FF00::/8 [0/0]
     via ::, Null0
Router1#config ter
Enter configuration commands, one per line.  End with CNTL/Z.
Router1(config)#int tunnel0
Router1(config-if)#tunnel mode ipv6ip
Router1(config-if)#ipv6 address FC00:ABBA::2/64
Router1(config-if)#ipv6 address FC00:ABBA::1/64
Router1(config-if)#show ipv6 interface brief
                     ^
% Invalid input detected at '^' marker.

Router1(config-if)#exit
Router1(config)#exit
Router1#show ipv6 route
*Mar  1 00:56:45.487: %SYS-5-CONFIG_I: Configured from console by console
Router1#show ipv6 interface brief
FastEthernet0/0            [up/up]
FastEthernet0/1            [up/up]
    FE80::C601:2BFF:FE63:1
    FC00:1::1
FastEthernet1/0            [administratively down/down]
FastEthernet2/0            [administratively down/down]
Tunnel0                    [up/up]
    FE80::A00:101
    FC00:ABBA::1
    FC00:ABBA::2
Router1#config ter
Enter configuration commands, one per line.  End with CNTL/Z.
Router1(config)#int tunnel0
Router1(config-if)#no ip FC00:ABBA::2
                          ^
% Invalid input detected at '^' marker.

Router1(config-if)#no ip address FC00:ABBA::2
                                 ^
% Invalid input detected at '^' marker.

Router1(config-if)#no ipv6 address FC00:ABBA::2
% Incomplete command.

Router1(config-if)#no ipv6 address FC00:ABBA::2/64
Router1(config-if)#exit
Router1(config)#exit
Router1#s
*Mar  1 00:58:24.327: %SYS-5-CONFIG_I: Configured from console by console
Router1#show ipv6 interface brief
FastEthernet0/0            [up/up]
FastEthernet0/1            [up/up]
    FE80::C601:2BFF:FE63:1
    FC00:1::1
FastEthernet1/0            [administratively down/down]
FastEthernet2/0            [administratively down/down]
Tunnel0                    [up/up]
    FE80::A00:101
    FC00:ABBA::1
Router1#show ip interface brief
Interface                  IP-Address      OK? Method Status                Protocol
FastEthernet0/0            10.0.1.1        YES NVRAM  up                    up  
FastEthernet0/1            192.168.1.1     YES NVRAM  up                    up  
FastEthernet1/0            unassigned      YES NVRAM  administratively down down
FastEthernet2/0            unassigned      YES NVRAM  administratively down down
Tunnel0                    172.16.1.1      YES manual up                    up  
Router1#conf ter
Enter configuration commands, one per line.  End with CNTL/Z.
Router1(config)#int tunnel0
Router1(config-if)#exit
Router1(config)#ipv6 router rip LAB
Router1(config-rtr)#exit
Router1(config)#
Router1(config)#in f0/1
Router1(config-if)#ipv6 rip LAB enable
Router1(config-if)#exit
Router1(config)#int tunnel0
Router1(config-if)#ipv6 rip LAB enable
Router1(config-if)#show ipv6 route
                     ^
% Invalid input detected at '^' marker.

Router1(config-if)#exit
Router1(config)#exit
Router1#show ip interface brief
*Mar  1 01:06:02.255: %SYS-5-CONFIG_I: Configured from console by console
Router1#show ipv6 route
IPv6 Routing Table - 6 entries
Codes: C - Connected, L - Local, S - Static, R - RIP, B - BGP
       U - Per-user Static route
       I1 - ISIS L1, I2 - ISIS L2, IA - ISIS interarea, IS - ISIS summary
       O - OSPF intra, OI - OSPF inter, OE1 - OSPF ext 1, OE2 - OSPF ext 2
       ON1 - OSPF NSSA ext 1, ON2 - OSPF NSSA ext 2
C   FC00:1::/64 [0/0]
     via ::, FastEthernet0/1
L   FC00:1::1/128 [0/0]
     via ::, FastEthernet0/1
C   FC00:ABBA::/64 [0/0]
     via ::, Tunnel0
L   FC00:ABBA::1/128 [0/0]
     via ::, Tunnel0
L   FE80::/10 [0/0]
     via ::, Null0
L   FF00::/8 [0/0]
     via ::, Null0
Router1#ping6 -c 3 FC00:ABBA::2
            ^
% Invalid input detected at '^' marker.

Router1#ping6 -c3 FC00:ABBA::2
            ^
% Invalid input detected at '^' marker.

Router1#ping6  FC00:ABBA::2
            ^
% Invalid input detected at '^' marker.

Router1#ping -c3 FC00:ABBA::2
Translating "-c3"

Translating "-c3"
                 ^
% Invalid input detected at '^' marker.

Router1#ping -c 3 FC00:ABBA::2
Translating "-c"

Translating "-c"
                ^
% Invalid input detected at '^' marker.

Router1#ping FC00:ABBA::2

Type escape sequence to abort.
Sending 5, 100-byte ICMP Echos to FC00:ABBA::2, timeout is 2 seconds:
!!!!!
Success rate is 100 percent (5/5), round-trip min/avg/max = 28/44/68 ms
Router1#ping -c 3 FC00:ABBA::1
Translating "-c"

Translating "-c"
                ^
% Invalid input detected at '^' marker.

Router1#ping FC00:ABBA::1

Type escape sequence to abort.
Sending 5, 100-byte ICMP Echos to FC00:ABBA::1, timeout is 2 seconds:
!!!!!
Success rate is 100 percent (5/5), round-trip min/avg/max = 0/0/0 ms
Router1#ping FC00:2::2

Type escape sequence to abort.
Sending 5, 100-byte ICMP Echos to FC00:2::2, timeout is 2 seconds:
.....
Success rate is 0 percent (0/5)
Router1#ping FC00:1::2

Type escape sequence to abort.
Sending 5, 100-byte ICMP Echos to FC00:1::2, timeout is 2 seconds:
!!!!!
Success rate is 100 percent (5/5), round-trip min/avg/max = 12/16/28 ms
Router1#ping FC00:1::1

Type escape sequence to abort.
Sending 5, 100-byte ICMP Echos to FC00:1::1, timeout is 2 seconds:
!!!!!
Success rate is 100 percent (5/5), round-trip min/avg/max = 0/1/4 ms
Router1#ping FC00:1::2

Type escape sequence to abort.
Sending 5, 100-byte ICMP Echos to FC00:1::2, timeout is 2 seconds:
!!!!!
Success rate is 100 percent (5/5), round-trip min/avg/max = 12/16/20 ms
Router1#show ipv6 route
IPv6 Routing Table - 6 entries
Codes: C - Connected, L - Local, S - Static, R - RIP, B - BGP
       U - Per-user Static route
       I1 - ISIS L1, I2 - ISIS L2, IA - ISIS interarea, IS - ISIS summary
       O - OSPF intra, OI - OSPF inter, OE1 - OSPF ext 1, OE2 - OSPF ext 2
       ON1 - OSPF NSSA ext 1, ON2 - OSPF NSSA ext 2
C   FC00:1::/64 [0/0]
     via ::, FastEthernet0/1
L   FC00:1::1/128 [0/0]
     via ::, FastEthernet0/1
C   FC00:ABBA::/64 [0/0]
     via ::, Tunnel0
L   FC00:ABBA::1/128 [0/0]
     via ::, Tunnel0
L   FE80::/10 [0/0]
     via ::, Null0
L   FF00::/8 [0/0]
     via ::, Null0
Router1#show ip interface brief
Interface                  IP-Address      OK? Method Status                Protocol
FastEthernet0/0            10.0.1.1        YES NVRAM  up                    up  
FastEthernet0/1            192.168.1.1     YES NVRAM  up                    up  
FastEthernet1/0            unassigned      YES NVRAM  administratively down down
FastEthernet2/0            unassigned      YES NVRAM  administratively down down
Tunnel0                    172.16.1.1      YES manual up                    up  
Router1#show ipv6 interface brief
FastEthernet0/0            [up/up]
FastEthernet0/1            [up/up]
    FE80::C601:2BFF:FE63:1
    FC00:1::1
FastEthernet1/0            [administratively down/down]
FastEthernet2/0            [administratively down/down]
Tunnel0                    [up/up]
    FE80::A00:101
    FC00:ABBA::1
Router1#show ipv6 route
IPv6 Routing Table - 7 entries
Codes: C - Connected, L - Local, S - Static, R - RIP, B - BGP
       U - Per-user Static route
       I1 - ISIS L1, I2 - ISIS L2, IA - ISIS interarea, IS - ISIS summary
       O - OSPF intra, OI - OSPF inter, OE1 - OSPF ext 1, OE2 - OSPF ext 2
       ON1 - OSPF NSSA ext 1, ON2 - OSPF NSSA ext 2
C   FC00:1::/64 [0/0]
     via ::, FastEthernet0/1
L   FC00:1::1/128 [0/0]
     via ::, FastEthernet0/1
R   FC00:2::/64 [120/2]
     via FE80::A00:201, Tunnel0
C   FC00:ABBA::/64 [0/0]
     via ::, Tunnel0
L   FC00:ABBA::1/128 [0/0]
     via ::, Tunnel0
L   FE80::/10 [0/0]
     via ::, Null0
L   FF00::/8 [0/0]
     via ::, Null0
Router1#ipv6 interface brief
         ^
% Invalid input detected at '^' marker.

Router1#show ipv6 interface brief
FastEthernet0/0            [up/up]
FastEthernet0/1            [up/up]
    FE80::C601:2BFF:FE63:1
    FC00:1::1
FastEthernet1/0            [administratively down/down]
FastEthernet2/0            [administratively down/down]
Tunnel0                    [up/up]
    FE80::A00:101
    FC00:ABBA::1
Router1#ipv6 interface brief
         ^
% Invalid input detected at '^' marker.

Router1#show ipv6 interface brief
FastEthernet0/0            [up/up]
FastEthernet0/1            [up/up]
    FE80::C601:2BFF:FE63:1
    FC00:1::1
FastEthernet1/0            [administratively down/down]
FastEthernet2/0            [administratively down/down]
Tunnel0                    [up/up]
    FE80::A00:101
    FC00:ABBA::1
Router1#

========================================================================================================
root@ipterm-1:~#
root@ipterm-1:~# ifconfig
eth0      Link encap:Ethernet  HWaddr 5e:75:c2:28:ad:9f
          inet addr:192.168.1.2  Bcast:0.0.0.0  Mask:255.255.255.0
          inet6 addr: fe80::5c75:c2ff:fe28:ad9f/64 Scope:Link
          UP BROADCAST RUNNING MULTICAST  MTU:1500  Metric:1
          RX packets:50 errors:0 dropped:27 overruns:0 frame:0
          TX packets:13 errors:0 dropped:0 overruns:0 carrier:0
          collisions:0 txqueuelen:1000
          RX bytes:5340 (5.2 KiB)  TX bytes:1006 (1006.0 B)

lo        Link encap:Local Loopback
          inet addr:127.0.0.1  Mask:255.0.0.0
          inet6 addr: ::1/128 Scope:Host
          UP LOOPBACK RUNNING  MTU:65536  Metric:1
          RX packets:0 errors:0 dropped:0 overruns:0 frame:0
          TX packets:0 errors:0 dropped:0 overruns:0 carrier:0
          collisions:0 txqueuelen:1000
          RX bytes:0 (0.0 B)  TX bytes:0 (0.0 B)

root@ipterm-1:~# traceroute 192.168.2.2
traceroute to 192.168.2.2 (192.168.2.2), 30 hops max, 60 byte packets
 1  192.168.1.1 (192.168.1.1)  37.296 ms  46.405 ms  56.906 ms
 2  10.0.1.2 (10.0.1.2)  67.326 ms  81.124 ms  89.075 ms
 3  10.0.2.1 (10.0.2.1)  108.440 ms  122.801 ms  131.970 ms
 4  * * *
 5  192.168.2.2 (192.168.2.2)  197.523 ms  209.374 ms  221.844 ms
root@ipterm-1:~# traceroute 192.168.2.2
traceroute to 192.168.2.2 (192.168.2.2), 30 hops max, 60 byte packets
 1  192.168.1.1 (192.168.1.1)  14.619 ms  24.860 ms  35.314 ms
 2  10.0.1.2 (10.0.1.2)  46.486 ms  59.761 ms  71.286 ms
 3  10.0.2.1 (10.0.2.1)  93.379 ms  105.581 ms  117.731 ms
 4  192.168.2.2 (192.168.2.2)  140.744 ms  151.860 ms  162.893 ms
root@ipterm-1:~# netstat -nr
Kernel IP routing table
Destination     Gateway         Genmask         Flags   MSS Window  irtt Iface
0.0.0.0         192.168.1.1     0.0.0.0         UG        0 0          0 eth0
192.168.1.0     0.0.0.0         255.255.255.0   U         0 0          0 eth0
root@ipterm-1:~# traceroute 192.168.2.2
traceroute to 192.168.2.2 (192.168.2.2), 30 hops max, 60 byte packets
 1  192.168.1.1 (192.168.1.1)  12.591 ms  21.859 ms  32.572 ms
 2  10.0.1.2 (10.0.1.2)  43.476 ms  53.991 ms  65.157 ms
 3  10.0.2.1 (10.0.2.1)  75.899 ms  87.490 ms  98.237 ms
 4  192.168.2.2 (192.168.2.2)  124.421 ms  134.690 ms  145.630 ms
root@ipterm-1:~# traceroute 192.168.2.2
traceroute to 192.168.2.2 (192.168.2.2), 30 hops max, 60 byte packets
 1  192.168.1.1 (192.168.1.1)  10.798 ms  21.180 ms  32.641 ms
 2  172.16.1.2 (172.16.1.2)  44.994 ms  76.824 ms  86.952 ms
 3  192.168.2.2 (192.168.2.2)  110.482 ms  121.100 ms  135.391 ms
root@ipterm-1:~# if config eth0 inet6 add FC00:1::2/64
> ^C
root@ipterm-1:~# ifconfig eth0 inet6 add FC00:1::2/64
root@ipterm-1:~# netstat -nr
Kernel IP routing table
Destination     Gateway         Genmask         Flags   MSS Window  irtt Iface
0.0.0.0         192.168.1.1     0.0.0.0         UG        0 0          0 eth0
192.168.1.0     0.0.0.0         255.255.255.0   U         0 0          0 eth0
root@ipterm-1:~# netstatv6 -nr
bash: netstatv6: command not found
root@ipterm-1:~# ifconfigv6
bash: ifconfigv6: command not found
root@ipterm-1:~# ifconfig -v6
ifconfig: option `-v6' not recognised.
ifconfig: `--help' gives usage information.
root@ipterm-1:~# ping6 -c3 FC00:1::1
PING FC00:1::1(fc00:1::1) 56 data bytes
64 bytes from fc00:1::1: icmp_seq=1 ttl=64 time=19.4 ms
64 bytes from fc00:1::1: icmp_seq=2 ttl=64 time=2.43 ms
64 bytes from fc00:1::1: icmp_seq=3 ttl=64 time=7.27 ms

--- FC00:1::1 ping statistics ---
3 packets transmitted, 3 received, 0% packet loss, time 2004ms
rtt min/avg/max/mdev = 2.432/9.722/19.459/7.164 ms
root@ipterm-1:~# ip -6 route add default via FC00:2::1
RTNETLINK answers: No route to host
root@ipterm-1:~# ip -6 route add default via FC00:1::1
RTNETLINK answers: File exists
root@ipterm-1:~# ping6 -c FC00:1::1
ping: bad number of packets to transmit.
root@ipterm-1:~# ping6 -c2 FC00:1::1
PING FC00:1::1(fc00:1::1) 56 data bytes
64 bytes from fc00:1::1: icmp_seq=1 ttl=64 time=2.47 ms
64 bytes from fc00:1::1: icmp_seq=2 ttl=64 time=8.59 ms

--- FC00:1::1 ping statistics ---
2 packets transmitted, 2 received, 0% packet loss, time 1001ms
rtt min/avg/max/mdev = 2.472/5.533/8.594/3.061 ms
root@ipterm-1:~# ping6 -c2 FC00:2::1
PING FC00:2::1(fc00:2::1) 56 data bytes
From fc00:1::1 icmp_seq=1 Destination unreachable: No route
From fc00:1::1 icmp_seq=2 Destination unreachable: No route

--- FC00:2::1 ping statistics ---
2 packets transmitted, 0 received, +2 errors, 100% packet loss, time 1008ms

root@ipterm-1:~# ping6 -c2 FC00:2::1
PING FC00:2::1(fc00:2::1) 56 data bytes
From fc00:1::1 icmp_seq=1 Destination unreachable: No route
From fc00:1::1 icmp_seq=2 Destination unreachable: No route

--- FC00:2::1 ping statistics ---
2 packets transmitted, 0 received, +2 errors, 100% packet loss, time 1006ms

root@ipterm-1:~# ^C
root@ipterm-1:~# ping6 -c2 FC00:2::1
PING FC00:2::1(fc00:2::1) 56 data bytes
From fc00:1::1 icmp_seq=1 Destination unreachable: No route
From fc00:1::1 icmp_seq=2 Destination unreachable: No route

--- FC00:2::1 ping statistics ---
2 packets transmitted, 0 received, +2 errors, 100% packet loss, time 1002ms

root@ipterm-1:~# ping6 -c2 FC00:1::1
PING FC00:1::1(fc00:1::1) 56 data bytes
64 bytes from fc00:1::1: icmp_seq=1 ttl=64 time=11.2 ms
64 bytes from fc00:1::1: icmp_seq=2 ttl=64 time=2.02 ms

--- FC00:1::1 ping statistics ---
2 packets transmitted, 2 received, 0% packet loss, time 1001ms
rtt min/avg/max/mdev = 2.022/6.652/11.282/4.630 ms
root@ipterm-1:~# ifconfig
eth0      Link encap:Ethernet  HWaddr 5e:75:c2:28:ad:9f
          inet addr:192.168.1.2  Bcast:0.0.0.0  Mask:255.255.255.0
          inet6 addr: fc00:1::5c75:c2ff:fe28:ad9f/64 Scope:Global
          inet6 addr: fc00:1::2/64 Scope:Global
          inet6 addr: fe80::5c75:c2ff:fe28:ad9f/64 Scope:Link
          UP BROADCAST RUNNING MULTICAST  MTU:1500  Metric:1
          RX packets:1022 errors:0 dropped:525 overruns:0 frame:0
          TX packets:173 errors:0 dropped:0 overruns:0 carrier:0
          collisions:0 txqueuelen:1000
          RX bytes:105108 (102.6 KiB)  TX bytes:14114 (13.7 KiB)

lo        Link encap:Local Loopback
          inet addr:127.0.0.1  Mask:255.0.0.0
          inet6 addr: ::1/128 Scope:Host
          UP LOOPBACK RUNNING  MTU:65536  Metric:1
          RX packets:60 errors:0 dropped:0 overruns:0 frame:0
          TX packets:60 errors:0 dropped:0 overruns:0 carrier:0
          collisions:0 txqueuelen:1000
          RX bytes:4964 (4.8 KiB)  TX bytes:4964 (4.8 KiB)

root@ipterm-1:~# ip address
1: lo: <LOOPBACK,UP,LOWER_UP> mtu 65536 qdisc noqueue state UNKNOWN group default qlen 1000
    link/loopback 00:00:00:00:00:00 brd 00:00:00:00:00:00
    inet 127.0.0.1/8 scope host lo
       valid_lft forever preferred_lft forever
    inet6 ::1/128 scope host
       valid_lft forever preferred_lft forever
8: eth0: <BROADCAST,MULTICAST,UP,LOWER_UP> mtu 1500 qdisc fq_codel state UNKNOWN group default qlen 1000
    link/ether 5e:75:c2:28:ad:9f brd ff:ff:ff:ff:ff:ff
    inet 192.168.1.2/24 scope global eth0
       valid_lft forever preferred_lft forever
    inet6 fc00:1::2/64 scope global
       valid_lft forever preferred_lft forever
    inet6 fc00:1::5c75:c2ff:fe28:ad9f/64 scope global mngtmpaddr dynamic
       valid_lft 2591924sec preferred_lft 604724sec
    inet6 fe80::5c75:c2ff:fe28:ad9f/64 scope link
       valid_lft forever preferred_lft forever
root@ipterm-1:~# ping6  FC00:1::1
PING FC00:1::1(fc00:1::1) 56 data bytes
64 bytes from fc00:1::1: icmp_seq=1 ttl=64 time=24.3 ms
64 bytes from fc00:1::1: icmp_seq=2 ttl=64 time=10.6 ms
64 bytes from fc00:1::1: icmp_seq=3 ttl=64 time=11.2 ms
64 bytes from fc00:1::1: icmp_seq=4 ttl=64 time=3.69 ms
64 bytes from fc00:1::1: icmp_seq=5 ttl=64 time=1.33 ms
64 bytes from fc00:1::1: icmp_seq=6 ttl=64 time=10.7 ms
^[[A64 bytes from fc00:1::1: icmp_seq=7 ttl=64 time=2.21 ms
^C
--- FC00:1::1 ping statistics ---
7 packets transmitted, 7 received, 0% packet loss, time 6010ms
rtt min/avg/max/mdev = 1.335/9.169/24.312/7.349 ms
root@ipterm-1:~# ping6  -c2 FC00:1::1
PING FC00:1::1(fc00:1::1) 56 data bytes
64 bytes from fc00:1::1: icmp_seq=1 ttl=64 time=9.31 ms
64 bytes from fc00:1::1: icmp_seq=2 ttl=64 time=2.51 ms

--- FC00:1::1 ping statistics ---
2 packets transmitted, 2 received, 0% packet loss, time 1022ms
rtt min/avg/max/mdev = 2.516/5.915/9.314/3.399 ms
root@ipterm-1:~# ping6  -c2 FC00:2::1
PING FC00:2::1(fc00:2::1) 56 data bytes
From fc00:1::1 icmp_seq=1 Destination unreachable: No route
From fc00:1::1 icmp_seq=2 Destination unreachable: No route

--- FC00:2::1 ping statistics ---
2 packets transmitted, 0 received, +2 errors, 100% packet loss, time 1001ms

root@ipterm-1:~# ping6  -c2 FC00:2::2
PING FC00:2::2(fc00:2::2) 56 data bytes
From fc00:1::1 icmp_seq=1 Destination unreachable: No route
From fc00:1::1 icmp_seq=2 Destination unreachable: No route

--- FC00:2::2 ping statistics ---
2 packets transmitted, 0 received, +2 errors, 100% packet loss, time 1012ms

root@ipterm-1:~# ping6  -c2 FC00:1::2
PING FC00:1::2(fc00:1::2) 56 data bytes
64 bytes from fc00:1::2: icmp_seq=1 ttl=64 time=0.027 ms
64 bytes from fc00:1::2: icmp_seq=2 ttl=64 time=0.034 ms

--- FC00:1::2 ping statistics ---
2 packets transmitted, 2 received, 0% packet loss, time 1014ms
rtt min/avg/max/mdev = 0.027/0.030/0.034/0.006 ms
root@ipterm-1:~# ping6  -c2 FC00:1::1
PING FC00:1::1(fc00:1::1) 56 data bytes
64 bytes from fc00:1::1: icmp_seq=1 ttl=64 time=10.6 ms
64 bytes from fc00:1::1: icmp_seq=2 ttl=64 time=11.2 ms

--- FC00:1::1 ping statistics ---
2 packets transmitted, 2 received, 0% packet loss, time 1002ms
rtt min/avg/max/mdev = 10.679/10.967/11.255/0.288 ms
root@ipterm-1:~# ping6  -c2 FC00:1::1
PING FC00:1::1(fc00:1::1) 56 data bytes
64 bytes from fc00:1::1: icmp_seq=1 ttl=64 time=9.82 ms
64 bytes from fc00:1::1: icmp_seq=2 ttl=64 time=8.04 ms

--- FC00:1::1 ping statistics ---
2 packets transmitted, 2 received, 0% packet loss, time 1001ms
rtt min/avg/max/mdev = 8.046/8.935/9.824/0.889 ms
root@ipterm-1:~# ping6  -c2 FC00:2::1
PING FC00:2::1(fc00:2::1) 56 data bytes
64 bytes from fc00:2::1: icmp_seq=1 ttl=63 time=43.3 ms
64 bytes from fc00:2::1: icmp_seq=2 ttl=63 time=36.5 ms

--- FC00:2::1 ping statistics ---
2 packets transmitted, 2 received, 0% packet loss, time 1001ms
rtt min/avg/max/mdev = 36.502/39.948/43.395/3.452 ms
root@ipterm-1:~# ping6  -c2 FC00:2::2
PING FC00:2::2(fc00:2::2) 56 data bytes
From fc00:abba::2 icmp_seq=2 Destination unreachable: Address unreachable

--- FC00:2::2 ping statistics ---
2 packets transmitted, 0 received, +1 errors, 100% packet loss, time 1006ms

root@ipterm-1:~# ip -6 route
fc00:1::/64 dev eth0  proto kernel  metric 256  expires 2591981sec
fe80::/64 dev eth0  proto kernel  metric 256
default via fe80::c601:2bff:fe63:1 dev eth0  proto ra  metric 1024  expires 1781sec hoplimit 64
root@ipterm-1:~# ip -6 route add default via FC00:1::1
RTNETLINK answers: File exists
root@ipterm-1:~# ip -6 route
fc00:1::/64 dev eth0  proto kernel  metric 256  expires 2591924sec
fe80::/64 dev eth0  proto kernel  metric 256
default via fe80::c601:2bff:fe63:1 dev eth0  proto ra  metric 1024  expires 1724sec hoplimit 64
root@ipterm-1:~# ip a
1: lo: <LOOPBACK,UP,LOWER_UP> mtu 65536 qdisc noqueue state UNKNOWN group default qlen 1000
    link/loopback 00:00:00:00:00:00 brd 00:00:00:00:00:00
    inet 127.0.0.1/8 scope host lo
       valid_lft forever preferred_lft forever
    inet6 ::1/128 scope host
       valid_lft forever preferred_lft forever
8: eth0: <BROADCAST,MULTICAST,UP,LOWER_UP> mtu 1500 qdisc fq_codel state UNKNOWN group default qlen 1000
    link/ether 5e:75:c2:28:ad:9f brd ff:ff:ff:ff:ff:ff
    inet 192.168.1.2/24 scope global eth0
       valid_lft forever preferred_lft forever
    inet6 fc00:1::2/64 scope global
       valid_lft forever preferred_lft forever
    inet6 fc00:1::5c75:c2ff:fe28:ad9f/64 scope global mngtmpaddr dynamic
       valid_lft 2591960sec preferred_lft 604760sec
    inet6 fe80::5c75:c2ff:fe28:ad9f/64 scope link
       valid_lft forever preferred_lft forever
root@ipterm-1:~# ip a
1: lo: <LOOPBACK,UP,LOWER_UP> mtu 65536 qdisc noqueue state UNKNOWN group default qlen 1000
    link/loopback 00:00:00:00:00:00 brd 00:00:00:00:00:00
    inet 127.0.0.1/8 scope host lo
       valid_lft forever preferred_lft forever
    inet6 ::1/128 scope host
       valid_lft forever preferred_lft forever
8: eth0: <BROADCAST,MULTICAST,UP,LOWER_UP> mtu 1500 qdisc fq_codel state UNKNOWN group default qlen 1000
    link/ether 5e:75:c2:28:ad:9f brd ff:ff:ff:ff:ff:ff
    inet 192.168.1.2/24 scope global eth0
       valid_lft forever preferred_lft forever
    inet6 fc00:1::2/64 scope global
       valid_lft forever preferred_lft forever
    inet6 fc00:1::5c75:c2ff:fe28:ad9f/64 scope global mngtmpaddr dynamic
       valid_lft 2591957sec preferred_lft 604757sec
    inet6 fe80::5c75:c2ff:fe28:ad9f/64 scope link
       valid_lft forever preferred_lft forever
root@ipterm-1:~# ^C
root@ipterm-1:~#

=============================================================================================================

ipterm-2 console is now available... Press RETURN to get started.
root@ipterm-2:~# show ip route
bash: show: command not found
root@ipterm-2:~# ip route show
default via 192.168.2.1 dev eth0
192.168.2.0/24 dev eth0  proto kernel  scope link  src 192.168.2.2
root@ipterm-2:~# ip -6 route show
fe80::/64 dev eth0  proto kernel  metric 256
root@ipterm-2:~# ping6 fc00:2::2
connect: Network is unreachable
root@ipterm-2:~# ifconfig eth0 inet6 fc00:1::2/64
getaddrinfo: fc00:1::2/64: -3
fc00:1::2/64: Host name lookup failure
ifconfig: `--help' gives usage information.
root@ipterm-2:~# ifconfig eth0 inet6 fc00:2::2/64
getaddrinfo: fc00:2::2/64: -3
fc00:2::2/64: Host name lookup failure
ifconfig: `--help' gives usage information.
root@ipterm-2:~# ifconfig eth0 inet6 add fc00:2::2/64
root@ipterm-2:~# ip -6 route show
fc00:2::/64 dev eth0  proto kernel  metric 256
fe80::/64 dev eth0  proto kernel  metric 256
root@ipterm-2:~# ping6 fc00:2::2
PING fc00:2::2(fc00:2::2) 56 data bytes
64 bytes from fc00:2::2: icmp_seq=1 ttl=64 time=0.032 ms
64 bytes from fc00:2::2: icmp_seq=2 ttl=64 time=0.038 ms
64 bytes from fc00:2::2: icmp_seq=3 ttl=64 time=0.047 ms
^C
--- fc00:2::2 ping statistics ---
3 packets transmitted, 3 received, 0% packet loss, time 2047ms
rtt min/avg/max/mdev = 0.032/0.039/0.047/0.006 ms
root@ipterm-2:~# ip -6 route add default via fc00:2::1
root@ipterm-2:~# ping6 fc00:2::2
PING fc00:2::2(fc00:2::2) 56 data bytes
64 bytes from fc00:2::2: icmp_seq=1 ttl=64 time=0.033 ms
64 bytes from fc00:2::2: icmp_seq=2 ttl=64 time=0.060 ms
64 bytes from fc00:2::2: icmp_seq=3 ttl=64 time=0.033 ms
^C
--- fc00:2::2 ping statistics ---
3 packets transmitted, 3 received, 0% packet loss, time 2023ms
rtt min/avg/max/mdev = 0.033/0.042/0.060/0.012 ms
root@ipterm-2:~# ping6 fc00:2::1
PING fc00:2::1(fc00:2::1) 56 data bytes
From fc00:2::2 icmp_seq=1 Destination unreachable: Address unreachable
From fc00:2::2 icmp_seq=2 Destination unreachable: Address unreachable
From fc00:2::2 icmp_seq=3 Destination unreachable: Address unreachable
^C
--- fc00:2::1 ping statistics ---
6 packets transmitted, 0 received, +3 errors, 100% packet loss, time 5120ms

root@ipterm-2:~# ping6 fc00:2::1
PING fc00:2::1(fc00:2::1) 56 data bytes
64 bytes from fc00:2::1: icmp_seq=1 ttl=64 time=8.10 ms
64 bytes from fc00:2::1: icmp_seq=2 ttl=64 time=5.22 ms
64 bytes from fc00:2::1: icmp_seq=3 ttl=64 time=11.1 ms
64 bytes from fc00:2::1: icmp_seq=4 ttl=64 time=2.47 ms
CC64 bytes from fc00:2::1: icmp_seq=5 ttl=64 time=11.2 ms
64 bytes from fc00:2::1: icmp_seq=6 ttl=64 time=11.2 ms

^C--- fc00:2::1 ping statistics ---
6 packets transmitted, 6 received, 0% packet loss, time 5008ms
rtt min/avg/max/mdev = 2.472/8.236/11.243/3.387 ms
root@ipterm-2:~# ping6 fc00:1::2
PING fc00:1::2(fc00:1::2) 56 data bytes
64 bytes from fc00:1::2: icmp_seq=1 ttl=62 time=56.9 ms
64 bytes from fc00:1::2: icmp_seq=2 ttl=62 time=47.2 ms
64 bytes from fc00:1::2: icmp_seq=3 ttl=62 time=67.2 ms
64 bytes from fc00:1::2: icmp_seq=4 ttl=62 time=72.0 ms
64 bytes from fc00:1::2: icmp_seq=5 ttl=62 time=77.8 ms
64 bytes from fc00:1::2: icmp_seq=6 ttl=62 time=53.1 ms
64 bytes from fc00:1::2: icmp_seq=7 ttl=62 time=53.2 ms
64 bytes from fc00:1::2: icmp_seq=8 ttl=62 time=46.6 ms
64 bytes from fc00:1::2: icmp_seq=9 ttl=62 time=52.3 ms
64 bytes from fc00:1::2: icmp_seq=10 ttl=62 time=57.2 ms
64 bytes from fc00:1::2: icmp_seq=11 ttl=62 time=76.4 ms
64 bytes from fc00:1::2: icmp_seq=12 ttl=62 time=59.3 ms
64 bytes from fc00:1::2: icmp_seq=13 ttl=62 time=56.1 ms
64 bytes from fc00:1::2: icmp_seq=14 ttl=62 time=64.5 ms
64 bytes from fc00:1::2: icmp_seq=15 ttl=62 time=46.5 ms
64 bytes from fc00:1::2: icmp_seq=16 ttl=62 time=75.2 ms
64 bytes from fc00:1::2: icmp_seq=17 ttl=62 time=86.8 ms
^C
--- fc00:1::2 ping statistics ---
17 packets transmitted, 17 received, 0% packet loss, time 16153ms
rtt min/avg/max/mdev = 46.580/61.709/86.810/11.906 ms
root@ipterm-2:~#
==============================================================================